// Jest Snapshot v1, https://goo.gl/fbAQLP

exports[`DOM test for <Student> renders correctly 1`] = `
<div>
  <h2>
    Johnny Dee
    :
  </h2>
  <p>
    Assignment mark: 
    67
  </p>
  <p>
    Midterm exam mark: 
    76
  </p>
  <p>
    Final exam mark: 
    78
  </p>
  <hr />
  <div>
    <button
      onClick={[Function]}
    >
      Update
    </button>
    <button
      onClick={[Function]}
    >
      Delete
    </button>
  </div>
</div>
`;
